[0.238s] Invoking command in '/home/ubuntu/rj_training_container/training_ws/src/software-training/build/coordinate_transform': CMAKE_PREFIX_PATH=${CMAKE_PREFIX_PATH}:/opt/ros/humble /usr/bin/cmake /home/ubuntu/rj_training_container/training_ws/src/software-training/coordinate_transform -DCMAKE_INSTALL_PREFIX=/home/ubuntu/rj_training_container/training_ws/src/software-training/install/coordinate_transform
[1.403s] -- The C compiler identification is GNU 11.4.0
[2.213s] -- The CXX compiler identification is GNU 11.4.0
[2.299s] -- Detecting C compiler ABI info
[3.864s] -- Detecting C compiler ABI info - done
[3.901s] -- Check for working C compiler: /usr/bin/cc - skipped
[3.904s] -- Detecting C compile features
[3.906s] -- Detecting C compile features - done
[3.925s] -- Detecting CXX compiler ABI info
[5.536s] -- Detecting CXX compiler ABI info - done
[5.569s] -- Check for working CXX compiler: /usr/bin/c++ - skipped
[5.574s] -- Detecting CXX compile features
[5.578s] -- Detecting CXX compile features - done
[5.676s] -- Found ament_cmake: 1.3.12 (/opt/ros/humble/share/ament_cmake/cmake)
[7.015s] -- Found Python3: /usr/bin/python3 (found version "3.10.12") found components: Interpreter 
[8.587s] -- Found rclcpp: 16.0.17 (/opt/ros/humble/share/rclcpp/cmake)
[9.699s] -- Found rosidl_generator_c: 3.1.8 (/opt/ros/humble/share/rosidl_generator_c/cmake)
[9.886s] -- Found rosidl_adapter: 3.1.8 (/opt/ros/humble/share/rosidl_adapter/cmake)
[10.080s] -- Found rosidl_generator_cpp: 3.1.8 (/opt/ros/humble/share/rosidl_generator_cpp/cmake)
[10.390s] -- Using all available rosidl_typesupport_c: rosidl_typesupport_fastrtps_c;rosidl_typesupport_introspection_c
[10.754s] -- Using all available rosidl_typesupport_cpp: rosidl_typesupport_fastrtps_cpp;rosidl_typesupport_introspection_cpp
[11.711s] -- Found rmw_implementation_cmake: 6.1.2 (/opt/ros/humble/share/rmw_implementation_cmake/cmake)
[11.811s] -- Found rmw_fastrtps_cpp: 6.2.9 (/opt/ros/humble/share/rmw_fastrtps_cpp/cmake)
[13.748s] -- Found OpenSSL: /usr/lib/x86_64-linux-gnu/libcrypto.so (found version "3.0.2")  
[13.958s] -- Found FastRTPS: /opt/ros/humble/include  
[14.374s] -- Using RMW implementation 'rmw_fastrtps_cpp' as default
[14.657s] -- Looking for pthread.h
[16.193s] Invoked command in '/home/ubuntu/rj_training_container/training_ws/src/software-training/build/coordinate_transform' returned '-2': CMAKE_PREFIX_PATH=${CMAKE_PREFIX_PATH}:/opt/ros/humble /usr/bin/cmake /home/ubuntu/rj_training_container/training_ws/src/software-training/coordinate_transform -DCMAKE_INSTALL_PREFIX=/home/ubuntu/rj_training_container/training_ws/src/software-training/install/coordinate_transform
