[0.240s] Invoking command in '/home/ubuntu/rj_training_container/training_ws/src/software-training/build/astar_path_planner': CMAKE_PREFIX_PATH=${CMAKE_PREFIX_PATH}:/opt/ros/humble /usr/bin/cmake /home/ubuntu/rj_training_container/training_ws/src/software-training/astar_path_planner -DCMAKE_INSTALL_PREFIX=/home/ubuntu/rj_training_container/training_ws/src/software-training/install/astar_path_planner
[1.454s] -- The C compiler identification is GNU 11.4.0
[2.190s] -- The CXX compiler identification is GNU 11.4.0
[2.287s] -- Detecting C compiler ABI info
[3.890s] -- Detecting C compiler ABI info - done
[3.939s] -- Check for working C compiler: /usr/bin/cc - skipped
[3.940s] -- Detecting C compile features
[3.941s] -- Detecting C compile features - done
[3.956s] -- Detecting CXX compiler ABI info
[5.557s] -- Detecting CXX compiler ABI info - done
[5.584s] -- Check for working CXX compiler: /usr/bin/c++ - skipped
[5.586s] -- Detecting CXX compile features
[5.587s] -- Detecting CXX compile features - done
[5.698s] -- Found ament_cmake: 1.3.12 (/opt/ros/humble/share/ament_cmake/cmake)
[6.912s] -- Found Python3: /usr/bin/python3 (found version "3.10.12") found components: Interpreter 
[8.530s] -- Found rclcpp: 16.0.17 (/opt/ros/humble/share/rclcpp/cmake)
[9.646s] -- Found rosidl_generator_c: 3.1.8 (/opt/ros/humble/share/rosidl_generator_c/cmake)
[9.837s] -- Found rosidl_adapter: 3.1.8 (/opt/ros/humble/share/rosidl_adapter/cmake)
[10.029s] -- Found rosidl_generator_cpp: 3.1.8 (/opt/ros/humble/share/rosidl_generator_cpp/cmake)
[10.303s] -- Using all available rosidl_typesupport_c: rosidl_typesupport_fastrtps_c;rosidl_typesupport_introspection_c
[10.720s] -- Using all available rosidl_typesupport_cpp: rosidl_typesupport_fastrtps_cpp;rosidl_typesupport_introspection_cpp
[11.683s] -- Found rmw_implementation_cmake: 6.1.2 (/opt/ros/humble/share/rmw_implementation_cmake/cmake)
[11.779s] -- Found rmw_fastrtps_cpp: 6.2.9 (/opt/ros/humble/share/rmw_fastrtps_cpp/cmake)
[13.731s] -- Found OpenSSL: /usr/lib/x86_64-linux-gnu/libcrypto.so (found version "3.0.2")  
[13.926s] -- Found FastRTPS: /opt/ros/humble/include  
[14.340s] -- Using RMW implementation 'rmw_fastrtps_cpp' as default
[14.612s] -- Looking for pthread.h
