[0.222s] Invoking command in '/home/ubuntu/rj_training_container/training_ws/src/software-training/build/mapping': CMAKE_PREFIX_PATH=${CMAKE_PREFIX_PATH}:/opt/ros/humble /usr/bin/cmake /home/ubuntu/rj_training_container/training_ws/src/software-training/mapping -DCMAKE_INSTALL_PREFIX=/home/ubuntu/rj_training_container/training_ws/src/software-training/install/mapping
[1.381s] -- The C compiler identification is GNU 11.4.0
[2.134s] -- The CXX compiler identification is GNU 11.4.0
[2.228s] -- Detecting C compiler ABI info
[3.827s] -- Detecting C compiler ABI info - done
[3.860s] -- Check for working C compiler: /usr/bin/cc - skipped
[3.865s] -- Detecting C compile features
[3.866s] -- Detecting C compile features - done
[3.875s] -- Detecting CXX compiler ABI info
[5.678s] -- Detecting CXX compiler ABI info - done
[5.713s] -- Check for working CXX compiler: /usr/bin/c++ - skipped
[5.715s] -- Detecting CXX compile features
[5.717s] -- Detecting CXX compile features - done
[5.815s] -- Found ament_cmake: 1.3.12 (/opt/ros/humble/share/ament_cmake/cmake)
[7.097s] -- Found Python3: /usr/bin/python3 (found version "3.10.12") found components: Interpreter 
[8.647s] -- Found rclcpp: 16.0.17 (/opt/ros/humble/share/rclcpp/cmake)
[9.754s] -- Found rosidl_generator_c: 3.1.8 (/opt/ros/humble/share/rosidl_generator_c/cmake)
[9.945s] -- Found rosidl_adapter: 3.1.8 (/opt/ros/humble/share/rosidl_adapter/cmake)
[10.213s] -- Found rosidl_generator_cpp: 3.1.8 (/opt/ros/humble/share/rosidl_generator_cpp/cmake)
[10.510s] -- Using all available rosidl_typesupport_c: rosidl_typesupport_fastrtps_c;rosidl_typesupport_introspection_c
[10.828s] -- Using all available rosidl_typesupport_cpp: rosidl_typesupport_fastrtps_cpp;rosidl_typesupport_introspection_cpp
[11.784s] -- Found rmw_implementation_cmake: 6.1.2 (/opt/ros/humble/share/rmw_implementation_cmake/cmake)
[11.881s] -- Found rmw_fastrtps_cpp: 6.2.9 (/opt/ros/humble/share/rmw_fastrtps_cpp/cmake)
[13.816s] -- Found OpenSSL: /usr/lib/x86_64-linux-gnu/libcrypto.so (found version "3.0.2")  
[14.112s] -- Found FastRTPS: /opt/ros/humble/include  
[14.447s] -- Using RMW implementation 'rmw_fastrtps_cpp' as default
[14.735s] -- Looking for pthread.h
