[0.211s] Invoking command in '/home/ubuntu/rj_training_container/training_ws/src/software-training/build/mineral_deposit_tracking': CMAKE_PREFIX_PATH=${CMAKE_PREFIX_PATH}:/opt/ros/humble /usr/bin/cmake /home/ubuntu/rj_training_container/training_ws/src/software-training/mineral_deposit_tracking -DCMAKE_INSTALL_PREFIX=/home/ubuntu/rj_training_container/training_ws/src/software-training/install/mineral_deposit_tracking
[1.473s] -- The C compiler identification is GNU 11.4.0
[2.233s] -- The CXX compiler identification is GNU 11.4.0
[2.327s] -- Detecting C compiler ABI info
[4.052s] -- Detecting C compiler ABI info - done
[4.104s] -- Check for working C compiler: /usr/bin/cc - skipped
[4.106s] -- Detecting C compile features
[4.110s] -- Detecting C compile features - done
[4.115s] -- Detecting CXX compiler ABI info
[5.669s] -- Detecting CXX compiler ABI info - done
[5.691s] -- Check for working CXX compiler: /usr/bin/c++ - skipped
[5.691s] -- Detecting CXX compile features
[5.692s] -- Detecting CXX compile features - done
[5.789s] -- Found ament_cmake: 1.3.12 (/opt/ros/humble/share/ament_cmake/cmake)
[7.092s] -- Found Python3: /usr/bin/python3 (found version "3.10.12") found components: Interpreter 
[8.642s] -- Found rclcpp: 16.0.17 (/opt/ros/humble/share/rclcpp/cmake)
[9.755s] -- Found rosidl_generator_c: 3.1.8 (/opt/ros/humble/share/rosidl_generator_c/cmake)
[9.944s] -- Found rosidl_adapter: 3.1.8 (/opt/ros/humble/share/rosidl_adapter/cmake)
[10.212s] -- Found rosidl_generator_cpp: 3.1.8 (/opt/ros/humble/share/rosidl_generator_cpp/cmake)
[10.502s] -- Using all available rosidl_typesupport_c: rosidl_typesupport_fastrtps_c;rosidl_typesupport_introspection_c
[10.824s] -- Using all available rosidl_typesupport_cpp: rosidl_typesupport_fastrtps_cpp;rosidl_typesupport_introspection_cpp
[11.779s] -- Found rmw_implementation_cmake: 6.1.2 (/opt/ros/humble/share/rmw_implementation_cmake/cmake)
[11.871s] -- Found rmw_fastrtps_cpp: 6.2.9 (/opt/ros/humble/share/rmw_fastrtps_cpp/cmake)
[13.822s] -- Found OpenSSL: /usr/lib/x86_64-linux-gnu/libcrypto.so (found version "3.0.2")  
[14.104s] -- Found FastRTPS: /opt/ros/humble/include  
[14.456s] -- Using RMW implementation 'rmw_fastrtps_cpp' as default
[14.755s] -- Looking for pthread.h
[16.084s] Invoked command in '/home/ubuntu/rj_training_container/training_ws/src/software-training/build/mineral_deposit_tracking' returned '-2': CMAKE_PREFIX_PATH=${CMAKE_PREFIX_PATH}:/opt/ros/humble /usr/bin/cmake /home/ubuntu/rj_training_container/training_ws/src/software-training/mineral_deposit_tracking -DCMAKE_INSTALL_PREFIX=/home/ubuntu/rj_training_container/training_ws/src/software-training/install/mineral_deposit_tracking
