[0.238s] Invoking command in '/home/ubuntu/rj_training_container/training_ws/src/software-training/build/controllers': CMAKE_PREFIX_PATH=${CMAKE_PREFIX_PATH}:/opt/ros/humble /usr/bin/cmake /home/ubuntu/rj_training_container/training_ws/src/software-training/controllers -DCMAKE_INSTALL_PREFIX=/home/ubuntu/rj_training_container/training_ws/src/software-training/install/controllers
[1.423s] -- The C compiler identification is GNU 11.4.0
[2.165s] -- The CXX compiler identification is GNU 11.4.0
[2.249s] -- Detecting C compiler ABI info
[3.882s] -- Detecting C compiler ABI info - done
[3.902s] -- Check for working C compiler: /usr/bin/cc - skipped
[3.904s] -- Detecting C compile features
[3.907s] -- Detecting C compile features - done
[3.923s] -- Detecting CXX compiler ABI info
[5.544s] -- Detecting CXX compiler ABI info - done
[5.564s] -- Check for working CXX compiler: /usr/bin/c++ - skipped
[5.565s] -- Detecting CXX compile features
[5.568s] -- Detecting CXX compile features - done
[5.670s] -- Found ament_cmake: 1.3.12 (/opt/ros/humble/share/ament_cmake/cmake)
[6.924s] -- Found Python3: /usr/bin/python3 (found version "3.10.12") found components: Interpreter 
[8.580s] -- Found rclcpp: 16.0.17 (/opt/ros/humble/share/rclcpp/cmake)
[9.687s] -- Found rosidl_generator_c: 3.1.8 (/opt/ros/humble/share/rosidl_generator_c/cmake)
[9.876s] -- Found rosidl_adapter: 3.1.8 (/opt/ros/humble/share/rosidl_adapter/cmake)
[10.067s] -- Found rosidl_generator_cpp: 3.1.8 (/opt/ros/humble/share/rosidl_generator_cpp/cmake)
[10.351s] -- Using all available rosidl_typesupport_c: rosidl_typesupport_fastrtps_c;rosidl_typesupport_introspection_c
[10.742s] -- Using all available rosidl_typesupport_cpp: rosidl_typesupport_fastrtps_cpp;rosidl_typesupport_introspection_cpp
[11.710s] -- Found rmw_implementation_cmake: 6.1.2 (/opt/ros/humble/share/rmw_implementation_cmake/cmake)
[11.811s] -- Found rmw_fastrtps_cpp: 6.2.9 (/opt/ros/humble/share/rmw_fastrtps_cpp/cmake)
[13.694s] -- Found OpenSSL: /usr/lib/x86_64-linux-gnu/libcrypto.so (found version "3.0.2")  
[13.915s] -- Found FastRTPS: /opt/ros/humble/include  
[14.332s] -- Using RMW implementation 'rmw_fastrtps_cpp' as default
[14.609s] -- Looking for pthread.h
[16.186s] Invoked command in '/home/ubuntu/rj_training_container/training_ws/src/software-training/build/controllers' returned '-2': CMAKE_PREFIX_PATH=${CMAKE_PREFIX_PATH}:/opt/ros/humble /usr/bin/cmake /home/ubuntu/rj_training_container/training_ws/src/software-training/controllers -DCMAKE_INSTALL_PREFIX=/home/ubuntu/rj_training_container/training_ws/src/software-training/install/controllers
