[0.231s] Invoking command in '/home/ubuntu/rj_training_container/training_ws/src/software-training/build/localization': CMAKE_PREFIX_PATH=${CMAKE_PREFIX_PATH}:/opt/ros/humble /usr/bin/cmake /home/ubuntu/rj_training_container/training_ws/src/software-training/localization -DCMAKE_INSTALL_PREFIX=/home/ubuntu/rj_training_container/training_ws/src/software-training/install/localization
[1.376s] -- The C compiler identification is GNU 11.4.0
[2.045s] -- The CXX compiler identification is GNU 11.4.0
[2.149s] -- Detecting C compiler ABI info
[3.841s] -- Detecting C compiler ABI info - done
[3.886s] -- Check for working C compiler: /usr/bin/cc - skipped
[3.887s] -- Detecting C compile features
[3.888s] -- Detecting C compile features - done
[3.908s] -- Detecting CXX compiler ABI info
[5.546s] -- Detecting CXX compiler ABI info - done
[5.611s] -- Check for working CXX compiler: /usr/bin/c++ - skipped
[5.612s] -- Detecting CXX compile features
[5.613s] -- Detecting CXX compile features - done
[5.755s] -- Found ament_cmake: 1.3.12 (/opt/ros/humble/share/ament_cmake/cmake)
[6.996s] -- Found Python3: /usr/bin/python3 (found version "3.10.12") found components: Interpreter 
[8.569s] -- Found rclcpp: 16.0.17 (/opt/ros/humble/share/rclcpp/cmake)
[9.675s] -- Found rosidl_generator_c: 3.1.8 (/opt/ros/humble/share/rosidl_generator_c/cmake)
[9.863s] -- Found rosidl_adapter: 3.1.8 (/opt/ros/humble/share/rosidl_adapter/cmake)
[10.058s] -- Found rosidl_generator_cpp: 3.1.8 (/opt/ros/humble/share/rosidl_generator_cpp/cmake)
[10.368s] -- Using all available rosidl_typesupport_c: rosidl_typesupport_fastrtps_c;rosidl_typesupport_introspection_c
[10.736s] -- Using all available rosidl_typesupport_cpp: rosidl_typesupport_fastrtps_cpp;rosidl_typesupport_introspection_cpp
[11.693s] -- Found rmw_implementation_cmake: 6.1.2 (/opt/ros/humble/share/rmw_implementation_cmake/cmake)
[11.799s] -- Found rmw_fastrtps_cpp: 6.2.9 (/opt/ros/humble/share/rmw_fastrtps_cpp/cmake)
[13.718s] -- Found OpenSSL: /usr/lib/x86_64-linux-gnu/libcrypto.so (found version "3.0.2")  
[13.927s] -- Found FastRTPS: /opt/ros/humble/include  
[14.339s] -- Using RMW implementation 'rmw_fastrtps_cpp' as default
[14.610s] -- Looking for pthread.h
[16.159s] Invoked command in '/home/ubuntu/rj_training_container/training_ws/src/software-training/build/localization' returned '-2': CMAKE_PREFIX_PATH=${CMAKE_PREFIX_PATH}:/opt/ros/humble /usr/bin/cmake /home/ubuntu/rj_training_container/training_ws/src/software-training/localization -DCMAKE_INSTALL_PREFIX=/home/ubuntu/rj_training_container/training_ws/src/software-training/install/localization
