[0.179s] Invoking command in '/home/ubuntu/rj_training_container/training_ws/src/software-training/build/peak_finder': CMAKE_PREFIX_PATH=${CMAKE_PREFIX_PATH}:/opt/ros/humble /usr/bin/cmake /home/ubuntu/rj_training_container/training_ws/src/software-training/peak_finder -DCMAKE_INSTALL_PREFIX=/home/ubuntu/rj_training_container/training_ws/src/software-training/install/peak_finder
[16.009s] -- The C compiler identification is GNU 11.4.0
[16.010s] -- The CXX compiler identification is GNU 11.4.0
[16.010s] -- Detecting C compiler ABI info
[16.010s] -- Detecting C compiler ABI info - done
[16.011s] -- Check for working C compiler: /usr/bin/cc - skipped
[16.011s] -- Detecting C compile features
[16.011s] -- Detecting C compile features - done
[16.011s] -- Detecting CXX compiler ABI info
[16.011s] -- Detecting CXX compiler ABI info - done
[16.012s] -- Check for working CXX compiler: /usr/bin/c++ - skipped
[16.012s] -- Detecting CXX compile features
[16.012s] -- Detecting CXX compile features - done
[16.013s] -- Found ament_cmake: 1.3.12 (/opt/ros/humble/share/ament_cmake/cmake)
[16.013s] -- Found Python3: /usr/bin/python3 (found version "3.10.12") found components: Interpreter 
[16.013s] -- Found rclcpp: 16.0.17 (/opt/ros/humble/share/rclcpp/cmake)
[16.014s] -- Found rosidl_generator_c: 3.1.8 (/opt/ros/humble/share/rosidl_generator_c/cmake)
[16.014s] -- Found rosidl_adapter: 3.1.8 (/opt/ros/humble/share/rosidl_adapter/cmake)
[16.015s] -- Found rosidl_generator_cpp: 3.1.8 (/opt/ros/humble/share/rosidl_generator_cpp/cmake)
[16.015s] -- Using all available rosidl_typesupport_c: rosidl_typesupport_fastrtps_c;rosidl_typesupport_introspection_c
[16.015s] -- Using all available rosidl_typesupport_cpp: rosidl_typesupport_fastrtps_cpp;rosidl_typesupport_introspection_cpp
[16.016s] -- Found rmw_implementation_cmake: 6.1.2 (/opt/ros/humble/share/rmw_implementation_cmake/cmake)
[16.016s] -- Found rmw_fastrtps_cpp: 6.2.9 (/opt/ros/humble/share/rmw_fastrtps_cpp/cmake)
[16.016s] -- Found OpenSSL: /usr/lib/x86_64-linux-gnu/libcrypto.so (found version "3.0.2")  
[16.017s] -- Found FastRTPS: /opt/ros/humble/include  
[16.017s] -- Using RMW implementation 'rmw_fastrtps_cpp' as default
[16.017s] -- Looking for pthread.h
[16.027s] Invoked command in '/home/ubuntu/rj_training_container/training_ws/src/software-training/build/peak_finder' returned '-2': CMAKE_PREFIX_PATH=${CMAKE_PREFIX_PATH}:/opt/ros/humble /usr/bin/cmake /home/ubuntu/rj_training_container/training_ws/src/software-training/peak_finder -DCMAKE_INSTALL_PREFIX=/home/ubuntu/rj_training_container/training_ws/src/software-training/install/peak_finder
