[0.198s] Invoking command in '/home/ubuntu/rj_training_container/training_ws/src/software-training/build/obstacle_detector': CMAKE_PREFIX_PATH=${CMAKE_PREFIX_PATH}:/opt/ros/humble /usr/bin/cmake /home/ubuntu/rj_training_container/training_ws/src/software-training/obstacle_detector -DCMAKE_INSTALL_PREFIX=/home/ubuntu/rj_training_container/training_ws/src/software-training/install/obstacle_detector
[16.029s] -- The C compiler identification is GNU 11.4.0
[16.029s] -- The CXX compiler identification is GNU 11.4.0
[16.031s] -- Detecting C compiler ABI info
[16.032s] -- Detecting C compiler ABI info - done
[16.032s] -- Check for working C compiler: /usr/bin/cc - skipped
[16.035s] -- Detecting C compile features
[16.035s] -- Detecting C compile features - done
[16.036s] -- Detecting CXX compiler ABI info
[16.036s] -- Detecting CXX compiler ABI info - done
[16.037s] -- Check for working CXX compiler: /usr/bin/c++ - skipped
[16.037s] -- Detecting CXX compile features
[16.037s] -- Detecting CXX compile features - done
[16.038s] -- Found ament_cmake: 1.3.12 (/opt/ros/humble/share/ament_cmake/cmake)
[16.039s] -- Found Python3: /usr/bin/python3 (found version "3.10.12") found components: Interpreter 
[16.040s] -- Found rclcpp: 16.0.17 (/opt/ros/humble/share/rclcpp/cmake)
[16.040s] -- Found rosidl_generator_c: 3.1.8 (/opt/ros/humble/share/rosidl_generator_c/cmake)
[16.041s] -- Found rosidl_adapter: 3.1.8 (/opt/ros/humble/share/rosidl_adapter/cmake)
[16.041s] -- Found rosidl_generator_cpp: 3.1.8 (/opt/ros/humble/share/rosidl_generator_cpp/cmake)
[16.041s] -- Using all available rosidl_typesupport_c: rosidl_typesupport_fastrtps_c;rosidl_typesupport_introspection_c
[16.042s] -- Using all available rosidl_typesupport_cpp: rosidl_typesupport_fastrtps_cpp;rosidl_typesupport_introspection_cpp
[16.042s] -- Found rmw_implementation_cmake: 6.1.2 (/opt/ros/humble/share/rmw_implementation_cmake/cmake)
[16.043s] -- Found rmw_fastrtps_cpp: 6.2.9 (/opt/ros/humble/share/rmw_fastrtps_cpp/cmake)
[16.043s] -- Found OpenSSL: /usr/lib/x86_64-linux-gnu/libcrypto.so (found version "3.0.2")  
[16.043s] -- Found FastRTPS: /opt/ros/humble/include  
[16.044s] -- Using RMW implementation 'rmw_fastrtps_cpp' as default
[16.044s] -- Looking for pthread.h
[16.055s] Invoked command in '/home/ubuntu/rj_training_container/training_ws/src/software-training/build/obstacle_detector' returned '-2': CMAKE_PREFIX_PATH=${CMAKE_PREFIX_PATH}:/opt/ros/humble /usr/bin/cmake /home/ubuntu/rj_training_container/training_ws/src/software-training/obstacle_detector -DCMAKE_INSTALL_PREFIX=/home/ubuntu/rj_training_container/training_ws/src/software-training/install/obstacle_detector
